  minirf A k=  8 b1  inl=    3 INCONSISTENT (0s)
  minirf A k=  8 b7  inl=    3 INCONSISTENT (1s)
D:\softwares\Lib\site-packages\kornia\feature\integrated.py:550: UserWarning: To copy construct from a tensor, it is recommended to use sourceTensor.detach().clone() or sourceTensor.detach().clone().requires_grad_(True), rather than torch.tensor(sourceTensor).
  hw1_ = torch.tensor(hw1, device=dev)
D:\softwares\Lib\site-packages\kornia\feature\integrated.py:554: UserWarning: To copy construct from a tensor, it is recommended to use sourceTensor.detach().clone() or sourceTensor.detach().clone().requires_grad_(True), rather than torch.tensor(sourceTensor).
  hw2_ = torch.tensor(hw2, device=dev)
Loaded LightGlue model
  minirf A k=  8 lg  inl=    3 INCONSISTENT (3s)
  minirf A k= 16 b1  inl=    0 no transform (0s)
  minirf A k= 16 b7  inl=    0 no transform (1s)
  minirf A k= 16 lg  inl=    5 INCONSISTENT (3s)
  wac    A k= 32 b1  inl=    0 no transform (0s)
  wac    A k= 32 b7  inl=    3 INCONSISTENT (0s)
  wac    A k= 32 lg  inl=    3 INCONSISTENT (0s)
  minirf B k=  8 b1  inl=    3 INCONSISTENT (0s)
  minirf B k=  8 b7  inl=    4 INCONSISTENT (1s)
  minirf B k=  8 lg  inl=    3 INCONSISTENT (2s)
  minirf B k= 16 b1  inl=    3 INCONSISTENT (0s)
  minirf B k= 16 b7  inl=    0 no transform (0s)
  minirf B k= 16 lg  inl=    5 INCONSISTENT (2s)
  wac    B k= 32 b1  inl=    0 no transform (0s)
  wac    B k= 32 b7  inl=    0 no transform (0s)
  wac    B k= 32 lg  inl=    8 INCONSISTENT (0s)
  minirf C k=  8 b1  inl=    3 INCONSISTENT (0s)
  minirf C k=  8 b7  inl=    3 INCONSISTENT (1s)
  minirf C k=  8 lg  inl=    3 INCONSISTENT (3s)
  minirf C k= 16 b1  inl=    0 no transform (0s)
  minirf C k= 16 b7  inl=    3 INCONSISTENT (1s)
  minirf C k= 16 lg  inl=    5 INCONSISTENT (2s)
  wac    C k= 32 b1  inl=    0 no transform (0s)
  wac    C k= 32 b7  inl=    0 no transform (0s)
  wac    C k= 32 lg  inl=    4 INCONSISTENT (0s)
  minirf A k=  8 b1  inl=    4 INCONSISTENT (0s)
  minirf A k=  8 b7  inl=    3 INCONSISTENT (2s)
  minirf A k=  8 lg  inl=    3 INCONSISTENT (3s)
  minirf A k= 16 b1  inl=    3 INCONSISTENT (0s)
  minirf A k= 16 b7  inl=    3 INCONSISTENT (0s)
  minirf A k= 16 lg  inl=    3 INCONSISTENT (2s)
  wac    A k= 32 b1  inl=    0 no transform (0s)
  wac    A k= 32 b7  inl=    0 no transform (0s)
  wac    A k= 32 lg  inl=    3 INCONSISTENT (0s)
  minirf B k=  8 b1  inl=    3 INCONSISTENT (0s)
  minirf B k=  8 b7  inl=    3 INCONSISTENT (2s)
  minirf B k=  8 lg  inl=    3 INCONSISTENT (6s)
  minirf B k= 16 b1  inl=    0 no transform (0s)
  minirf B k= 16 b7  inl=    0 no transform (1s)
  minirf B k= 16 lg  inl=    3 INCONSISTENT (3s)
  wac    B k= 32 b1  inl=    0 no transform (0s)
  wac    B k= 32 b7  inl=    0 no transform (0s)
  wac    B k= 32 lg  inl=    4 INCONSISTENT (1s)
  minirf D k=  8 b1  inl=    3 INCONSISTENT (1s)
  minirf D k=  8 b7  inl=    3 INCONSISTENT (2s)
