PSF-aware degradation: Gaussian FWHM 1.0 coarse px, then block mean
  minirf A k=  8 b1  inl=    3 INCONSISTENT (0s)
  minirf A k=  8 b7  inl=    4 INCONSISTENT (1s)
D:\softwares\Lib\site-packages\kornia\feature\integrated.py:550: UserWarning: To copy construct from a tensor, it is recommended to use sourceTensor.detach().clone() or sourceTensor.detach().clone().requires_grad_(True), rather than torch.tensor(sourceTensor).
  hw1_ = torch.tensor(hw1, device=dev)
D:\softwares\Lib\site-packages\kornia\feature\integrated.py:554: UserWarning: To copy construct from a tensor, it is recommended to use sourceTensor.detach().clone() or sourceTensor.detach().clone().requires_grad_(True), rather than torch.tensor(sourceTensor).
  hw2_ = torch.tensor(hw2, device=dev)
Loaded LightGlue model
  minirf A k=  8 lg  inl=    3 INCONSISTENT (3s)
  minirf A k= 16 b1  inl=    3 INCONSISTENT (0s)
  minirf A k= 16 b7  inl=    0 no transform (0s)
  minirf A k= 16 lg  inl=    6 INCONSISTENT (2s)
  wac    A k= 32 b1  inl=    0 no transform (0s)
  wac    A k= 32 b7  inl=    0 no transform (0s)
  wac    A k= 32 lg  inl=    3 INCONSISTENT (0s)
  minirf B k=  8 b1  inl=    3 INCONSISTENT (0s)
  minirf B k=  8 b7  inl=    3 INCONSISTENT (2s)
  minirf B k=  8 lg  inl=    3 INCONSISTENT (3s)
  minirf B k= 16 b1  inl=    0 no transform (0s)
  minirf B k= 16 b7  inl=    3 INCONSISTENT (1s)
  minirf B k= 16 lg  inl=    9 INCONSISTENT (2s)
  wac    B k= 32 b1  inl=    0 no transform (0s)
  wac    B k= 32 b7  inl=    0 no transform (0s)
  wac    B k= 32 lg  inl=   11 INCONSISTENT (1s)
  minirf C k=  8 b1  inl=    3 INCONSISTENT (0s)
  minirf C k=  8 b7  inl=    3 INCONSISTENT (1s)
  minirf C k=  8 lg  inl=    4 INCONSISTENT (3s)
  minirf C k= 16 b1  inl=    0 no transform (0s)
  minirf C k= 16 b7  inl=    3 INCONSISTENT (0s)
  minirf C k= 16 lg  inl=    5 INCONSISTENT (2s)
  wac    C k= 32 b1  inl=    0 no transform (0s)
  wac    C k= 32 b7  inl=    0 no transform (0s)
  wac    C k= 32 lg  inl=    7 INCONSISTENT (1s)
  minirf A k=  8 b1  inl=    4 INCONSISTENT (0s)
  minirf A k=  8 b7  inl=    4 INCONSISTENT (2s)
  minirf A k=  8 lg  inl=    0 no transform (3s)
  minirf A k= 16 b1  inl=    0 no transform (0s)
  minirf A k= 16 b7  inl=    3 INCONSISTENT (1s)
  minirf A k= 16 lg  inl=    3 INCONSISTENT (2s)
  wac    A k= 32 b1  inl=    0 no transform (0s)
  wac    A k= 32 b7  inl=    0 no transform (0s)
  wac    A k= 32 lg  inl=    4 INCONSISTENT (0s)
  minirf B k=  8 b1  inl=    3 INCONSISTENT (0s)
  minirf B k=  8 b7  inl=    3 INCONSISTENT (2s)
  minirf B k=  8 lg  inl=    4 INCONCLUSIVE (3s)
  minirf B k= 16 b1  inl=    3 INCONSISTENT (0s)
  minirf B k= 16 b7  inl=    0 no transform (0s)
  minirf B k= 16 lg  inl=    4 INCONSISTENT (2s)
  wac    B k= 32 b1  inl=    0 no transform (0s)
  wac    B k= 32 b7  inl=    3 INCONSISTENT (0s)
  wac    B k= 32 lg  inl=    4 INCONSISTENT (0s)
  minirf D k=  8 b1  inl=    4 INCONSISTENT (1s)
  minirf D k=  8 b7  inl=    3 INCONSISTENT (2s)
  minirf D k=  8 lg  inl=    4 INCONSISTENT (2s)
  minirf D k= 16 b1  inl=    4 INCONSISTENT (0s)
  minirf D k= 16 b7  inl=    3 INCONSISTENT (1s)
  minirf D k= 16 lg  inl=    3 INCONSISTENT (1s)
  wac    D k= 32 b1  inl=    0 no transform (0s)
  wac    D k= 32 b7  inl=    0 no transform (0s)
  wac    D k= 32 lg  inl=    6 INCONSISTENT (0s)
D:\MyData\downloads\SIH\src\siim\preprocessing\degrade.py:76: RuntimeWarning: Mean of empty slice
  return np.nanmean(a.reshape(a.shape[0] // k, k, a.shape[1] // k, k), axis=(1, 3))
  minirf A k=  8 b1  inl=    5 INCONSISTENT (5s)
  minirf A k=  8 b7  inl=    4 INCONSISTENT (17s)
  minirf A k=  8 lg  inl=    3 INCONSISTENT (11s)
  minirf A k= 16 b1  inl=    3 INCONSISTENT (1s)
  minirf A k= 16 b7  inl=    3 INCONSISTENT (4s)
  minirf A k= 16 lg  inl=    4 INCONSISTENT (8s)
  wac    A k= 64 b1  inl=    3 CONSISTENT   (0s)
  wac    A k= 64 b7  inl=    0 no transform (0s)
  wac    A k= 64 lg  inl=    7 INCONCLUSIVE (1s)
  wac    A k=110 b1  inl=    3 INCONSISTENT (0s)
  wac    A k=110 b7  inl=    0 no transform (0s)
  wac    A k=110 lg  inl=    6 INCONSISTENT (1s)
  minirf B k=  8 b1  inl=    3 INCONSISTENT (3s)
  minirf B k=  8 b7  inl=    4 INCONSISTENT (26s)
  minirf B k=  8 lg  inl=    0 no transform (27s)
  minirf B k= 16 b1  inl=    3 INCONSISTENT (2s)
  minirf B k= 16 b7  inl=    3 INCONSISTENT (6s)
  minirf B k= 16 lg  inl=    3 INCONSISTENT (9s)
  wac    B k= 64 b1  inl=    0 no transform (0s)
  wac    B k= 64 b7  inl=    3 INCONSISTENT (0s)
  wac    B k= 64 lg  inl=   15 INCONSISTENT (1s)
  wac    B k=110 b1  inl=    0 no transform (0s)
  wac    B k=110 b7  inl=    0 no transform (0s)
  wac    B k=110 lg  inl=   32 CONSISTENT   (1s)
  minirf C k=  8 b1  inl=    3 INCONSISTENT (2s)
  minirf C k=  8 b7  inl=    4 INCONSISTENT (28s)
  minirf C k=  8 lg  inl=    0 no transform (24s)
  minirf C k= 16 b1  inl=    3 INCONSISTENT (1s)
  minirf C k= 16 b7  inl=    3 INCONSISTENT (7s)
  minirf C k= 16 lg  inl=    0 no transform (18s)
  wac    C k= 64 b1  inl=    0 no transform (0s)
  wac    C k= 64 b7  inl=    3 INCONSISTENT (0s)
  wac    C k= 64 lg  inl=   11 INCONCLUSIVE (1s)
  wac    C k=110 b1  inl=    0 no transform (0s)
  wac    C k=110 b7  inl=    0 no transform (0s)
  wac    C k=110 lg  inl=   19 INCONCLUSIVE (1s)
  minirf A k=  8 b1  inl=    4 INCONSISTENT (4s)
  minirf A k=  8 b7  inl=    5 INCONSISTENT (29s)
  minirf A k=  8 lg  inl=    3 INCONSISTENT (20s)
  minirf A k= 16 b1  inl=    3 INCONSISTENT (1s)
  minirf A k= 16 b7  inl=    3 INCONSISTENT (10s)
  minirf A k= 16 lg  inl=    3 INCONSISTENT (16s)
  wac    A k= 64 b1  inl=    4 INCONSISTENT (0s)
  wac    A k= 64 b7  inl=    0 no transform (0s)
  wac    A k= 64 lg  inl=   68 CONSISTENT   (1s)
  wac    A k=110 b1  inl=    0 no transform (0s)
  wac    A k=110 b7  inl=    0 no transform (0s)
  wac    A k=110 lg  inl=   41 CONSISTENT   (1s)
  minirf B k=  8 b1  inl=    3 INCONSISTENT (1s)
  minirf B k=  8 b7  inl=    4 INCONSISTENT (19s)
  minirf B k=  8 lg  inl=    0 no transform (22s)
  minirf B k= 16 b1  inl=    3 INCONSISTENT (2s)
  minirf B k= 16 b7  inl=    3 INCONSISTENT (7s)
  minirf B k= 16 lg  inl=    0 no transform (14s)
  wac    B k= 64 b1  inl=    3 INCONSISTENT (0s)
  wac    B k= 64 b7  inl=    3 INCONSISTENT (0s)
  wac    B k= 64 lg  inl=   10 INCONSISTENT (7s)
  wac    B k=110 b1  inl=    0 no transform (0s)
  wac    B k=110 b7  inl=    0 no transform (0s)
  wac    B k=110 lg  inl=   27 INCONCLUSIVE (1s)
  minirf D k=  8 b1  inl=    5 INCONSISTENT (9s)
  minirf D k=  8 b7  inl=    4 INCONSISTENT (37s)
  minirf D k=  8 lg  inl=    3 INCONSISTENT (25s)
  minirf D k= 16 b1  inl=    5 INCONSISTENT (1s)
  minirf D k= 16 b7  inl=    3 INCONSISTENT (8s)
  minirf D k= 16 lg  inl=    9 INCONSISTENT (18s)
  wac    D k= 64 b1  inl=    9 CONSISTENT   (0s)
  wac    D k= 64 b7  inl=    3 INCONSISTENT (0s)
  wac    D k= 64 lg  inl=  101 CONSISTENT   (1s)
  wac    D k=110 b1  inl=    0 no transform (0s)
  wac    D k=110 b7  inl=    3 INCONCLUSIVE (0s)
  wac    D k=110 lg  inl=   30 INCONCLUSIVE (1s)
{
 "S1_b1_fails_on_radar": {
  "met": true
 },
 "S2_structure_engine_registers_radar": {
  "met": false,
  "successes": []
 },
 "S3_wac_rung_b1_ge_2_frames": {
  "met": false,
  "frames": [
   "nac.m1299958135lc"
  ]
 },
 "H4_cost_of_modality": {
  "radar_success_rate_by_engine": {
   "b1": 0.0,
   "b7": 0.0,
   "lg": 0.0
  }
 }
}
written: experiments\REAL-DATA-08\real_data_08_psf_fwhm1.json (24.2 min)
EXIT 0
