DEM window (1300, 23040) lat (18.8681640625, 21.4052734375)  (d6a424f33e4e)

=== tier 1 / REAL-DATA-03: 3 recorded edges, k=2 ===
  [tier1 REAL-DATA-03 k= 2] A -> B   dInc=39.81  none                 inliers=     4  fail  geom=INCONSISTENT  (23s)
  [tier1 REAL-DATA-03 k= 2] A -> B   dInc=39.81  photometric_ls       inliers=     4  fail  geom=INCONSISTENT  (29s)
  [tier1 REAL-DATA-03 k= 2] A -> B   dInc=39.81  photometric_hapke    inliers=     4  fail  geom=INCONSISTENT  (26s)
  [tier1 REAL-DATA-03 k= 2] A -> B   dInc=39.81  dem_render_b1        inliers=     0  fail  geom=no transform  (22s)
D:\softwares\Lib\site-packages\kornia\feature\integrated.py:550: UserWarning: To copy construct from a tensor, it is recommended to use sourceTensor.detach().clone() or sourceTensor.detach().clone().requires_grad_(True), rather than torch.tensor(sourceTensor).
  hw1_ = torch.tensor(hw1, device=dev)
D:\softwares\Lib\site-packages\kornia\feature\integrated.py:554: UserWarning: To copy construct from a tensor, it is recommended to use sourceTensor.detach().clone() or sourceTensor.detach().clone().requires_grad_(True), rather than torch.tensor(sourceTensor).
  hw2_ = torch.tensor(hw2, device=dev)
Loaded LightGlue model
  [tier1 REAL-DATA-03 k= 2] A -> B   dInc=39.81  dem_render_lg        inliers=     0  fail  geom=no transform  (90s)
  [tier1 REAL-DATA-03 k= 2] A -> B   dInc=39.81  learned_lg           inliers=    38  PASS  geom=INCONCLUSIVE  (64s)
  [tier1 REAL-DATA-03 k= 2] A -> B   dInc=39.81  photometric_ls_pixel inliers=     6  fail  geom=INCONCLUSIVE  (23s)
  [tier1 REAL-DATA-03 k= 2] B -> C   dInc= 0.96  none                 inliers=  5365  PASS  geom=INCONCLUSIVE  (23s)
  [tier1 REAL-DATA-03 k= 2] B -> C   dInc= 0.96  photometric_ls       inliers=  5365  PASS  geom=INCONCLUSIVE  (24s)
  [tier1 REAL-DATA-03 k= 2] B -> C   dInc= 0.96  photometric_hapke    inliers=  5365  PASS  geom=INCONCLUSIVE  (21s)
  [tier1 REAL-DATA-03 k= 2] B -> C   dInc= 0.96  dem_render_b1        inliers=     3  fail  geom=no transform  (15s)
  [tier1 REAL-DATA-03 k= 2] B -> C   dInc= 0.96  dem_render_lg        inliers=     3  fail  geom=no transform  (88s)
  [tier1 REAL-DATA-03 k= 2] B -> C   dInc= 0.96  learned_lg           inliers=  2305  PASS  geom=INCONCLUSIVE  (54s)
  [tier1 REAL-DATA-03 k= 2] B -> C   dInc= 0.96  photometric_ls_pixel inliers=  2469  PASS  geom=INCONCLUSIVE  (16s)
  [tier1 REAL-DATA-03 k= 2] C -> A   dInc=38.85  none                 inliers=     4  fail  geom=INCONSISTENT  (24s)
  [tier1 REAL-DATA-03 k= 2] C -> A   dInc=38.85  photometric_ls       inliers=     4  fail  geom=INCONSISTENT  (24s)
  [tier1 REAL-DATA-03 k= 2] C -> A   dInc=38.85  photometric_hapke    inliers=     4  fail  geom=INCONSISTENT  (23s)
  [tier1 REAL-DATA-03 k= 2] C -> A   dInc=38.85  dem_render_b1        inliers=     0  fail  geom=no transform  (2s)
  [tier1 REAL-DATA-03 k= 2] C -> A   dInc=38.85  dem_render_lg        inliers=     0  fail  geom=no transform  (78s)
  [tier1 REAL-DATA-03 k= 2] C -> A   dInc=38.85  learned_lg           inliers=    56  PASS  geom=CONSISTENT W  (56s)
  [tier1 REAL-DATA-03 k= 2] C -> A   dInc=38.85  photometric_ls_pixel inliers=     4  fail  geom=INCONSISTENT  (21s)

=== tier 1 / REAL-DATA-04: 3 recorded edges, k=2 ===
  [tier1 REAL-DATA-04 k= 2] A -> B   dInc=39.81  none                 inliers=     7  fail  geom=CONSISTENT W  (16s)
  [tier1 REAL-DATA-04 k= 2] A -> B   dInc=39.81  photometric_ls       inliers=     7  fail  geom=CONSISTENT W  (17s)
  [tier1 REAL-DATA-04 k= 2] A -> B   dInc=39.81  photometric_hapke    inliers=     7  fail  geom=CONSISTENT W  (18s)
  [tier1 REAL-DATA-04 k= 2] A -> B   dInc=39.81  dem_render_b1        inliers=     0  fail  geom=no transform  (13s)
  [tier1 REAL-DATA-04 k= 2] A -> B   dInc=39.81  dem_render_lg        inliers=     0  fail  geom=no transform  (78s)
  [tier1 REAL-DATA-04 k= 2] A -> B   dInc=39.81  learned_lg           inliers=     3  fail  geom=INCONCLUSIVE  (58s)
  [tier1 REAL-DATA-04 k= 2] A -> B   dInc=39.81  photometric_ls_pixel inliers=     5  fail  geom=INCONSISTENT  (20s)
  [tier1 REAL-DATA-04 k= 2] B -> D   dInc=51.54  none                 inliers=     3  fail  geom=INCONSISTENT  (23s)
  [tier1 REAL-DATA-04 k= 2] B -> D   dInc=51.54  photometric_ls       inliers=     3  fail  geom=INCONSISTENT  (23s)
  [tier1 REAL-DATA-04 k= 2] B -> D   dInc=51.54  photometric_hapke    inliers=     3  fail  geom=INCONSISTENT  (28s)
  [tier1 REAL-DATA-04 k= 2] B -> D   dInc=51.54  dem_render_b1        inliers=     0  fail  geom=no transform  (4s)
  [tier1 REAL-DATA-04 k= 2] B -> D   dInc=51.54  dem_render_lg        inliers=     0  fail  geom=no transform  (87s)
  [tier1 REAL-DATA-04 k= 2] B -> D   dInc=51.54  learned_lg           inliers=     3  fail  geom=INCONSISTENT  (77s)
  [tier1 REAL-DATA-04 k= 2] B -> D   dInc=51.54  photometric_ls_pixel inliers=     4  fail  geom=INCONSISTENT  (29s)
  [tier1 REAL-DATA-04 k= 2] D -> A   dInc=11.73  none                 inliers=  1656  PASS  geom=CONSISTENT W  (23s)
  [tier1 REAL-DATA-04 k= 2] D -> A   dInc=11.73  photometric_ls       inliers=  1656  PASS  geom=CONSISTENT W  (26s)
  [tier1 REAL-DATA-04 k= 2] D -> A   dInc=11.73  photometric_hapke    inliers=  1656  PASS  geom=CONSISTENT W  (31s)
  [tier1 REAL-DATA-04 k= 2] D -> A   dInc=11.73  dem_render_b1        inliers=     0  fail  geom=no transform  (7s)
  [tier1 REAL-DATA-04 k= 2] D -> A   dInc=11.73  dem_render_lg        inliers=     0  fail  geom=no transform  (109s)
  [tier1 REAL-DATA-04 k= 2] D -> A   dInc=11.73  learned_lg           inliers=  2016  PASS  geom=CONSISTENT W  (91s)
  [tier1 REAL-DATA-04 k= 2] D -> A   dInc=11.73  photometric_ls_pixel inliers=  1197  PASS  geom=CONSISTENT W  (25s)
D:\MyData\downloads\SIH\scripts\run_exp007.py:117: RuntimeWarning: Mean of empty slice
  return np.nanmean(a.reshape(a.shape[0] // k, k, a.shape[1] // k, k), axis=(1, 3))

=== tier 2 / RD03-target: k=4 ===
  [tier2 RD03-target k= 4] A -> B   dInc=39.81  none                 inliers=     4  fail  geom=INCONSISTENT  (52s)
  [tier2 RD03-target k= 4] A -> B   dInc=39.81  photometric_ls       inliers=     4  fail  geom=INCONSISTENT  (50s)
  [tier2 RD03-target k= 4] A -> B   dInc=39.81  photometric_hapke    inliers=     4  fail  geom=INCONSISTENT  (47s)
  [tier2 RD03-target k= 4] A -> B   dInc=39.81  dem_render_b1        inliers=     0  fail  geom=no transform  (57s)
  [tier2 RD03-target k= 4] A -> B   dInc=39.81  photometric_ls_pixel inliers=     4  fail  geom=INCONSISTENT  (48s)
  [tier2 RD03-target k= 4] B -> C   dInc= 0.96  none                 inliers=  9460  PASS  geom=INCONCLUSIVE  (50s)
  [tier2 RD03-target k= 4] B -> C   dInc= 0.96  photometric_ls       inliers=  9460  PASS  geom=INCONCLUSIVE  (38s)
  [tier2 RD03-target k= 4] B -> C   dInc= 0.96  photometric_hapke    inliers=  9460  PASS  geom=INCONCLUSIVE  (38s)
  [tier2 RD03-target k= 4] B -> C   dInc= 0.96  dem_render_b1        inliers=     3  fail  geom=no transform  (64s)
  [tier2 RD03-target k= 4] B -> C   dInc= 0.96  photometric_ls_pixel inliers=  2142  PASS  geom=INCONCLUSIVE  (36s)
  [tier2 RD03-target k= 4] C -> A   dInc=38.85  none                 inliers=    10  PASS  geom=CONSISTENT W  (33s)
  [tier2 RD03-target k= 4] C -> A   dInc=38.85  photometric_ls       inliers=    10  PASS  geom=CONSISTENT W  (42s)
  [tier2 RD03-target k= 4] C -> A   dInc=38.85  photometric_hapke    inliers=    10  PASS  geom=CONSISTENT W  (35s)
  [tier2 RD03-target k= 4] C -> A   dInc=38.85  dem_render_b1        inliers=     0  fail  geom=no transform  (11s)
  [tier2 RD03-target k= 4] C -> A   dInc=38.85  photometric_ls_pixel inliers=     4  fail  geom=INCONSISTENT  (48s)

=== tier 2 / RD03-target: k=8 ===
  [tier2 RD03-target k= 8] A -> B   dInc=39.81  none                 inliers=     4  fail  geom=INCONSISTENT  (35s)
  [tier2 RD03-target k= 8] A -> B   dInc=39.81  photometric_ls       inliers=     4  fail  geom=INCONSISTENT  (35s)
  [tier2 RD03-target k= 8] A -> B   dInc=39.81  photometric_hapke    inliers=     4  fail  geom=INCONSISTENT  (37s)
  [tier2 RD03-target k= 8] A -> B   dInc=39.81  dem_render_b1        inliers=     3  fail  geom=no transform  (11s)
  [tier2 RD03-target k= 8] A -> B   dInc=39.81  dem_render_lg        inliers=     0  fail  geom=no transform  (63s)
  [tier2 RD03-target k= 8] A -> B   dInc=39.81  learned_lg           inliers=  1434  PASS  geom=CONSISTENT W  (56s)
  [tier2 RD03-target k= 8] A -> B   dInc=39.81  photometric_ls_pixel inliers=     4  fail  geom=INCONSISTENT  (26s)
  [tier2 RD03-target k= 8] B -> C   dInc= 0.96  none                 inliers=  3054  PASS  geom=INCONCLUSIVE  (19s)
  [tier2 RD03-target k= 8] B -> C   dInc= 0.96  photometric_ls       inliers=  3054  PASS  geom=INCONCLUSIVE  (18s)
  [tier2 RD03-target k= 8] B -> C   dInc= 0.96  photometric_hapke    inliers=  3054  PASS  geom=INCONCLUSIVE  (21s)
  [tier2 RD03-target k= 8] B -> C   dInc= 0.96  dem_render_b1        inliers=     3  fail  geom=no transform  (7s)
  [tier2 RD03-target k= 8] B -> C   dInc= 0.96  dem_render_lg        inliers=     0  fail  geom=no transform  (51s)
  [tier2 RD03-target k= 8] B -> C   dInc= 0.96  learned_lg           inliers=  3026  PASS  geom=INCONCLUSIVE  (51s)
  [tier2 RD03-target k= 8] B -> C   dInc= 0.96  photometric_ls_pixel inliers=   242  PASS  geom=INCONCLUSIVE  (31s)
  [tier2 RD03-target k= 8] C -> A   dInc=38.85  none                 inliers=     4  fail  geom=INCONSISTENT  (23s)
  [tier2 RD03-target k= 8] C -> A   dInc=38.85  photometric_ls       inliers=     4  fail  geom=INCONSISTENT  (21s)
  [tier2 RD03-target k= 8] C -> A   dInc=38.85  photometric_hapke    inliers=     4  fail  geom=INCONSISTENT  (24s)
  [tier2 RD03-target k= 8] C -> A   dInc=38.85  dem_render_b1        inliers=     3  fail  geom=no transform  (2s)
  [tier2 RD03-target k= 8] C -> A   dInc=38.85  dem_render_lg        inliers=     3  fail  geom=no transform  (80s)
  [tier2 RD03-target k= 8] C -> A   dInc=38.85  learned_lg           inliers=  1348  PASS  geom=CONSISTENT W  (47s)
  [tier2 RD03-target k= 8] C -> A   dInc=38.85  photometric_ls_pixel inliers=     4  fail  geom=INCONSISTENT  (24s)

=== tier 2 / RD03-target: k=16 ===
  [tier2 RD03-target k=16] A -> B   dInc=39.81  none                 inliers=     4  fail  geom=INCONSISTENT  (18s)
  [tier2 RD03-target k=16] A -> B   dInc=39.81  photometric_ls       inliers=     4  fail  geom=INCONSISTENT  (25s)
  [tier2 RD03-target k=16] A -> B   dInc=39.81  photometric_hapke    inliers=     4  fail  geom=INCONSISTENT  (18s)
  [tier2 RD03-target k=16] A -> B   dInc=39.81  dem_render_b1        inliers=     0  fail  geom=no transform  (6s)
  [tier2 RD03-target k=16] A -> B   dInc=39.81  dem_render_lg        inliers=     0  fail  geom=no transform  (27s)
  [tier2 RD03-target k=16] A -> B   dInc=39.81  learned_lg           inliers=  2042  PASS  geom=CONSISTENT W  (30s)
  [tier2 RD03-target k=16] A -> B   dInc=39.81  photometric_ls_pixel inliers=     3  fail  geom=INCONSISTENT  (19s)
  [tier2 RD03-target k=16] B -> C   dInc= 0.96  none                 inliers=  1373  PASS  geom=INCONCLUSIVE  (24s)
  [tier2 RD03-target k=16] B -> C   dInc= 0.96  photometric_ls       inliers=  1373  PASS  geom=INCONCLUSIVE  (17s)
  [tier2 RD03-target k=16] B -> C   dInc= 0.96  photometric_hapke    inliers=  1373  PASS  geom=INCONCLUSIVE  (17s)
  [tier2 RD03-target k=16] B -> C   dInc= 0.96  dem_render_b1        inliers=     3  fail  geom=no transform  (3s)
  [tier2 RD03-target k=16] B -> C   dInc= 0.96  dem_render_lg        inliers=     0  fail  geom=no transform  (38s)
  [tier2 RD03-target k=16] B -> C   dInc= 0.96  learned_lg           inliers=  2646  PASS  geom=INCONCLUSIVE  (30s)
  [tier2 RD03-target k=16] B -> C   dInc= 0.96  photometric_ls_pixel inliers=    17  PASS  geom=INCONCLUSIVE  (15s)
  [tier2 RD03-target k=16] C -> A   dInc=38.85  none                 inliers=     6  fail  geom=CONSISTENT W  (18s)
  [tier2 RD03-target k=16] C -> A   dInc=38.85  photometric_ls       inliers=     6  fail  geom=CONSISTENT W  (18s)
  [tier2 RD03-target k=16] C -> A   dInc=38.85  photometric_hapke    inliers=     6  fail  geom=CONSISTENT W  (17s)
  [tier2 RD03-target k=16] C -> A   dInc=38.85  dem_render_b1        inliers=     0  fail  geom=no transform  (2s)
  [tier2 RD03-target k=16] C -> A   dInc=38.85  dem_render_lg        inliers=     0  fail  geom=no transform  (23s)
  [tier2 RD03-target k=16] C -> A   dInc=38.85  learned_lg           inliers=  1863  PASS  geom=CONSISTENT W  (36s)
  [tier2 RD03-target k=16] C -> A   dInc=38.85  photometric_ls_pixel inliers=     3  fail  geom=INCONSISTENT  (18s)

=== tier 2 / RD03-target: k=32 ===
  [tier2 RD03-target k=32] A -> B   dInc=39.81  none                 inliers=     3  fail  geom=INCONSISTENT  (22s)
  [tier2 RD03-target k=32] A -> B   dInc=39.81  photometric_ls       inliers=     3  fail  geom=INCONSISTENT  (15s)
  [tier2 RD03-target k=32] A -> B   dInc=39.81  photometric_hapke    inliers=     3  fail  geom=INCONSISTENT  (19s)
  [tier2 RD03-target k=32] A -> B   dInc=39.81  dem_render_b1        inliers=     0  fail  geom=no transform  (2s)
  [tier2 RD03-target k=32] A -> B   dInc=39.81  dem_render_lg        inliers=     0  fail  geom=no transform  (6s)
  [tier2 RD03-target k=32] A -> B   dInc=39.81  learned_lg           inliers=   511  PASS  geom=CONSISTENT W  (19s)
  [tier2 RD03-target k=32] A -> B   dInc=39.81  photometric_ls_pixel inliers=     3  fail  geom=INCONSISTENT  (16s)
  [tier2 RD03-target k=32] B -> C   dInc= 0.96  none                 inliers=   566  PASS  geom=INCONCLUSIVE  (15s)
  [tier2 RD03-target k=32] B -> C   dInc= 0.96  photometric_ls       inliers=   566  PASS  geom=INCONCLUSIVE  (15s)
  [tier2 RD03-target k=32] B -> C   dInc= 0.96  photometric_hapke    inliers=   566  PASS  geom=INCONCLUSIVE  (14s)
  [tier2 RD03-target k=32] B -> C   dInc= 0.96  dem_render_b1        inliers=     3  fail  geom=no transform  (1s)
  [tier2 RD03-target k=32] B -> C   dInc= 0.96  dem_render_lg        inliers=     0  fail  geom=no transform  (7s)
  [tier2 RD03-target k=32] B -> C   dInc= 0.96  learned_lg           inliers=   724  PASS  geom=INCONCLUSIVE  (17s)
  [tier2 RD03-target k=32] B -> C   dInc= 0.96  photometric_ls_pixel inliers=    12  PASS  geom=INCONCLUSIVE  (17s)
  [tier2 RD03-target k=32] C -> A   dInc=38.85  none                 inliers=     3  fail  geom=INCONSISTENT  (16s)
  [tier2 RD03-target k=32] C -> A   dInc=38.85  photometric_ls       inliers=     3  fail  geom=INCONSISTENT  (14s)
  [tier2 RD03-target k=32] C -> A   dInc=38.85  photometric_hapke    inliers=     3  fail  geom=INCONSISTENT  (14s)
  [tier2 RD03-target k=32] C -> A   dInc=38.85  dem_render_b1        inliers=     0  fail  geom=no transform  (0s)
  [tier2 RD03-target k=32] C -> A   dInc=38.85  dem_render_lg        inliers=     3  fail  geom=no transform  (5s)
  [tier2 RD03-target k=32] C -> A   dInc=38.85  learned_lg           inliers=   475  PASS  geom=CONSISTENT W  (18s)
  [tier2 RD03-target k=32] C -> A   dInc=38.85  photometric_ls_pixel inliers=     0  fail  geom=no transform  (0s)

=== tier 2 / RD04-target: k=4 ===
  [tier2 RD04-target k= 4] A -> B   dInc=39.81  none                 inliers=    10  PASS  geom=CONSISTENT W  (32s)
  [tier2 RD04-target k= 4] A -> B   dInc=39.81  photometric_ls       inliers=    10  PASS  geom=CONSISTENT W  (29s)
  [tier2 RD04-target k= 4] A -> B   dInc=39.81  photometric_hapke    inliers=    10  PASS  geom=CONSISTENT W  (28s)
  [tier2 RD04-target k= 4] A -> B   dInc=39.81  dem_render_b1        inliers=     0  fail  geom=no transform  (53s)
  [tier2 RD04-target k= 4] A -> B   dInc=39.81  photometric_ls_pixel inliers=     4  fail  geom=INCONSISTENT  (38s)
  [tier2 RD04-target k= 4] B -> D   dInc=51.54  none                 inliers=     3  fail  geom=INCONSISTENT  (31s)
  [tier2 RD04-target k= 4] B -> D   dInc=51.54  photometric_ls       inliers=     3  fail  geom=INCONSISTENT  (36s)
  [tier2 RD04-target k= 4] B -> D   dInc=51.54  photometric_hapke    inliers=     3  fail  geom=INCONSISTENT  (40s)
  [tier2 RD04-target k= 4] B -> D   dInc=51.54  dem_render_b1        inliers=     0  fail  geom=no transform  (13s)
  [tier2 RD04-target k= 4] B -> D   dInc=51.54  photometric_ls_pixel inliers=     4  fail  geom=INCONSISTENT  (33s)
  [tier2 RD04-target k= 4] D -> A   dInc=11.73  none                 inliers=  3693  PASS  geom=CONSISTENT W  (31s)
  [tier2 RD04-target k= 4] D -> A   dInc=11.73  photometric_ls       inliers=  3693  PASS  geom=CONSISTENT W  (33s)
  [tier2 RD04-target k= 4] D -> A   dInc=11.73  photometric_hapke    inliers=  3685  PASS  geom=CONSISTENT W  (29s)
  [tier2 RD04-target k= 4] D -> A   dInc=11.73  dem_render_b1        inliers=     0  fail  geom=no transform  (4s)
  [tier2 RD04-target k= 4] D -> A   dInc=11.73  photometric_ls_pixel inliers=  2259  PASS  geom=CONSISTENT W  (33s)

=== tier 2 / RD04-target: k=8 ===
  [tier2 RD04-target k= 8] A -> B   dInc=39.81  none                 inliers=     9  PASS  geom=CONSISTENT W  (21s)
  [tier2 RD04-target k= 8] A -> B   dInc=39.81  photometric_ls       inliers=     9  PASS  geom=CONSISTENT W  (16s)
  [tier2 RD04-target k= 8] A -> B   dInc=39.81  photometric_hapke    inliers=     9  PASS  geom=CONSISTENT W  (16s)
  [tier2 RD04-target k= 8] A -> B   dInc=39.81  dem_render_b1        inliers=     0  fail  geom=no transform  (9s)
  [tier2 RD04-target k= 8] A -> B   dInc=39.81  dem_render_lg        inliers=     3  fail  geom=no transform  (89s)
  [tier2 RD04-target k= 8] A -> B   dInc=39.81  learned_lg           inliers=  1409  PASS  geom=CONSISTENT W  (83s)
  [tier2 RD04-target k= 8] A -> B   dInc=39.81  photometric_ls_pixel inliers=     4  fail  geom=INCONSISTENT  (30s)
  [tier2 RD04-target k= 8] B -> D   dInc=51.54  none                 inliers=     3  fail  geom=INCONSISTENT  (20s)
  [tier2 RD04-target k= 8] B -> D   dInc=51.54  photometric_ls       inliers=     3  fail  geom=INCONSISTENT  (17s)
  [tier2 RD04-target k= 8] B -> D   dInc=51.54  photometric_hapke    inliers=     3  fail  geom=INCONSISTENT  (15s)
  [tier2 RD04-target k= 8] B -> D   dInc=51.54  dem_render_b1        inliers=     0  fail  geom=no transform  (3s)
  [tier2 RD04-target k= 8] B -> D   dInc=51.54  dem_render_lg        inliers=     3  fail  geom=no transform  (60s)
  [tier2 RD04-target k= 8] B -> D   dInc=51.54  learned_lg           inliers=     0  fail  geom=no transform  (32s)
  [tier2 RD04-target k= 8] B -> D   dInc=51.54  photometric_ls_pixel inliers=     3  fail  geom=INCONSISTENT  (18s)
  [tier2 RD04-target k= 8] D -> A   dInc=11.73  none                 inliers=  1665  PASS  geom=CONSISTENT W  (18s)
  [tier2 RD04-target k= 8] D -> A   dInc=11.73  photometric_ls       inliers=  1665  PASS  geom=CONSISTENT W  (16s)
  [tier2 RD04-target k= 8] D -> A   dInc=11.73  photometric_hapke    inliers=  1665  PASS  geom=CONSISTENT W  (19s)
  [tier2 RD04-target k= 8] D -> A   dInc=11.73  dem_render_b1        inliers=     0  fail  geom=no transform  (1s)
  [tier2 RD04-target k= 8] D -> A   dInc=11.73  dem_render_lg        inliers=     3  fail  geom=no transform  (58s)
  [tier2 RD04-target k= 8] D -> A   dInc=11.73  learned_lg           inliers=  2644  PASS  geom=CONSISTENT W  (36s)
  [tier2 RD04-target k= 8] D -> A   dInc=11.73  photometric_ls_pixel inliers=   894  PASS  geom=CONSISTENT W  (10s)

=== tier 2 / RD04-target: k=16 ===
  [tier2 RD04-target k=16] A -> B   dInc=39.81  none                 inliers=    10  PASS  geom=CONSISTENT W  (9s)
  [tier2 RD04-target k=16] A -> B   dInc=39.81  photometric_ls       inliers=    10  PASS  geom=CONSISTENT W  (10s)
  [tier2 RD04-target k=16] A -> B   dInc=39.81  photometric_hapke    inliers=    10  PASS  geom=CONSISTENT W  (11s)
  [tier2 RD04-target k=16] A -> B   dInc=39.81  dem_render_b1        inliers=     0  fail  geom=no transform  (4s)
  [tier2 RD04-target k=16] A -> B   dInc=39.81  dem_render_lg        inliers=     3  fail  geom=no transform  (20s)
  [tier2 RD04-target k=16] A -> B   dInc=39.81  learned_lg           inliers=  1536  PASS  geom=CONSISTENT W  (21s)
  [tier2 RD04-target k=16] A -> B   dInc=39.81  photometric_ls_pixel inliers=     4  fail  geom=INCONSISTENT  (9s)
  [tier2 RD04-target k=16] B -> D   dInc=51.54  none                 inliers=     3  fail  geom=INCONSISTENT  (12s)
  [tier2 RD04-target k=16] B -> D   dInc=51.54  photometric_ls       inliers=     3  fail  geom=INCONSISTENT  (9s)
  [tier2 RD04-target k=16] B -> D   dInc=51.54  photometric_hapke    inliers=     3  fail  geom=INCONSISTENT  (11s)
  [tier2 RD04-target k=16] B -> D   dInc=51.54  dem_render_b1        inliers=     0  fail  geom=no transform  (1s)
  [tier2 RD04-target k=16] B -> D   dInc=51.54  dem_render_lg        inliers=     3  fail  geom=no transform  (10s)
  [tier2 RD04-target k=16] B -> D   dInc=51.54  learned_lg           inliers=     5  fail  geom=CONSISTENT W  (17s)
  [tier2 RD04-target k=16] B -> D   dInc=51.54  photometric_ls_pixel inliers=     3  fail  geom=INCONSISTENT  (9s)
  [tier2 RD04-target k=16] D -> A   dInc=11.73  none                 inliers=   693  PASS  geom=CONSISTENT W  (8s)
  [tier2 RD04-target k=16] D -> A   dInc=11.73  photometric_ls       inliers=   693  PASS  geom=CONSISTENT W  (6s)
  [tier2 RD04-target k=16] D -> A   dInc=11.73  photometric_hapke    inliers=   693  PASS  geom=CONSISTENT W  (6s)
  [tier2 RD04-target k=16] D -> A   dInc=11.73  dem_render_b1        inliers=     0  fail  geom=no transform  (0s)
  [tier2 RD04-target k=16] D -> A   dInc=11.73  dem_render_lg        inliers=     3  fail  geom=no transform  (8s)
  [tier2 RD04-target k=16] D -> A   dInc=11.73  learned_lg           inliers=  2697  PASS  geom=CONSISTENT W  (12s)
  [tier2 RD04-target k=16] D -> A   dInc=11.73  photometric_ls_pixel inliers=   360  PASS  geom=CONSISTENT W  (6s)

=== tier 2 / RD04-target: k=32 ===
  [tier2 RD04-target k=32] A -> B   dInc=39.81  none                 inliers=     8  fail  geom=CONSISTENT W  (7s)
  [tier2 RD04-target k=32] A -> B   dInc=39.81  photometric_ls       inliers=     8  fail  geom=CONSISTENT W  (6s)
  [tier2 RD04-target k=32] A -> B   dInc=39.81  photometric_hapke    inliers=     8  fail  geom=CONSISTENT W  (5s)
  [tier2 RD04-target k=32] A -> B   dInc=39.81  dem_render_b1        inliers=     0  fail  geom=no transform  (0s)
  [tier2 RD04-target k=32] A -> B   dInc=39.81  dem_render_lg        inliers=     3  fail  geom=no transform  (3s)
  [tier2 RD04-target k=32] A -> B   dInc=39.81  learned_lg           inliers=   447  PASS  geom=CONSISTENT W  (9s)
  [tier2 RD04-target k=32] A -> B   dInc=39.81  photometric_ls_pixel inliers=     3  fail  geom=INCONSISTENT  (6s)
  [tier2 RD04-target k=32] B -> D   dInc=51.54  none                 inliers=     3  fail  geom=INCONSISTENT  (8s)
  [tier2 RD04-target k=32] B -> D   dInc=51.54  photometric_ls       inliers=     3  fail  geom=INCONSISTENT  (8s)
  [tier2 RD04-target k=32] B -> D   dInc=51.54  photometric_hapke    inliers=     3  fail  geom=INCONSISTENT  (8s)
  [tier2 RD04-target k=32] B -> D   dInc=51.54  dem_render_b1        inliers=     0  fail  geom=no transform  (0s)
  [tier2 RD04-target k=32] B -> D   dInc=51.54  dem_render_lg        inliers=     3  fail  geom=no transform  (4s)
  [tier2 RD04-target k=32] B -> D   dInc=51.54  learned_lg           inliers=    37  PASS  geom=INCONCLUSIVE  (10s)
  [tier2 RD04-target k=32] B -> D   dInc=51.54  photometric_ls_pixel inliers=     0  fail  geom=no transform  (0s)
  [tier2 RD04-target k=32] D -> A   dInc=11.73  none                 inliers=   243  PASS  geom=CONSISTENT W  (9s)
  [tier2 RD04-target k=32] D -> A   dInc=11.73  photometric_ls       inliers=   243  PASS  geom=CONSISTENT W  (9s)
  [tier2 RD04-target k=32] D -> A   dInc=11.73  photometric_hapke    inliers=   243  PASS  geom=CONSISTENT W  (6s)
  [tier2 RD04-target k=32] D -> A   dInc=11.73  dem_render_b1        inliers=     0  fail  geom=no transform  (0s)
  [tier2 RD04-target k=32] D -> A   dInc=11.73  dem_render_lg        inliers=     3  fail  geom=no transform  (3s)
  [tier2 RD04-target k=32] D -> A   dInc=11.73  learned_lg           inliers=   625  PASS  geom=CONSISTENT W  (9s)
  [tier2 RD04-target k=32] D -> A   dInc=11.73  photometric_ls_pixel inliers=   160  PASS  geom=CONSISTENT W  (8s)

=== criteria (Part 1, frozen) ===
  S4_reproduction_gate: {"met": true}
  S1_dem_render_b1_at_k16_or_k32_on_failing_pairs: {"n_pass": 0, "of": 4, "met": false, "pairs": []}
  S2_no_tier1_conversion_by_dem_render_b1: {"conversions": 0, "met": true}
  S3_learned_converts_a_tier1_failing_edge: {"n_hits": 1, "met": true, "edges": [["REAL-DATA-03", "nac.m1452560468lc -> nac.m1271742202lc"]]}
  S5_photometric_arms_change_no_tier1_outcome: {"met": true}
  S6_no_arm_breaks_a_succeeding_pair: {"met": false, "broken": [["dem_render_b1", "REAL-DATA-03", "nac.m1335207975rc -> nac.m1452560468lc", 2], ["dem_render_lg", "REAL-DATA-03", "nac.m1335207975rc -
  rung_transition_smallest_passing_k: {}
  tier1_failing_edges: [["REAL-DATA-03", "nac.m1271742202lc -> nac.m1335207975rc"], ["REAL-DATA-03", "nac.m1452560468lc -> nac.m1271742202lc"], ["REAL-DATA-04", "nac.m1271742202lc -> 
  tier1_succeeding_edges: [["REAL-DATA-03", "nac.m1335207975rc -> nac.m1452560468lc"], ["REAL-DATA-04", "nac.m1299958135lc -> nac.m1271742202lc"]]

written: experiments\EXP-007\exp007_results.json   (84.2 min)
EXIT 0
