  D1 A t0.0_0.0     rows=6
  D1 A t0.25_0.0    rows=12
  D1 A t0.0_0.25    rows=18
  D1 A t0.25_0.25   rows=24
  D1 A t0.5_0.5     rows=30
  D1 A t0.75_0.75   rows=36
  D1 A t0.5_0.25    rows=42
  D1 A t0.25_0.75   rows=48
  D1 A s0.9_r3.0    rows=54
  D1 A s0.9_r-3.0   rows=60
  D1 A s1.1_r3.0    rows=66
  D1 A s1.1_r-3.0   rows=72
  D1 B t0.0_0.0     rows=78
  D1 B t0.25_0.0    rows=84
  D1 B t0.0_0.25    rows=90
  D1 B t0.25_0.25   rows=96
  D1 B t0.5_0.5     rows=102
  D1 B t0.75_0.75   rows=108
  D1 B t0.5_0.25    rows=114
  D1 B t0.25_0.75   rows=120
  D1 B s0.9_r3.0    rows=126
  D1 B s0.9_r-3.0   rows=132
  D1 B s1.1_r3.0    rows=138
  D1 B s1.1_r-3.0   rows=144
  D1 C t0.0_0.0     rows=150
  D1 C t0.25_0.0    rows=156
  D1 C t0.0_0.25    rows=162
  D1 C t0.25_0.25   rows=168
  D1 C t0.5_0.5     rows=174
  D1 C t0.75_0.75   rows=180
  D1 C t0.5_0.25    rows=186
  D1 C t0.25_0.75   rows=192
  D1 C s0.9_r3.0    rows=198
  D1 C s0.9_r-3.0   rows=204
  D1 C s1.1_r3.0    rows=210
  D1 C s1.1_r-3.0   rows=216
  D1 D t0.0_0.0     rows=222
  D1 D t0.25_0.0    rows=228
  D1 D t0.0_0.25    rows=234
  D1 D t0.25_0.25   rows=240
  D1 D t0.5_0.5     rows=246
  D1 D t0.75_0.75   rows=252
  D1 D t0.5_0.25    rows=258
  D1 D t0.25_0.75   rows=264
  D1 D s0.9_r3.0    rows=270
  D1 D s0.9_r-3.0   rows=276
  D1 D s1.1_r3.0    rows=282
  D1 D s1.1_r-3.0   rows=288
  D2 A_mare_moderate seed 3001 done
  D2 A_mare_moderate seed 3002 done
  D2 A_mare_moderate seed 3003 done
  D2 A_highlands_moderate seed 3001 done
  D2 A_highlands_moderate seed 3002 done
  D2 A_highlands_moderate seed 3003 done
  D3 skipped: long-window manifest absent
{
 "gate_identity_unbiased": {
  "met": false,
  "max_median_abs_shift_px": 0.3151349425315857
 },
 "S1_precision_on_real_self_warps": {
  "met": true,
  "detail": {
   "ecc_w32": {
    "before": {
     "n": 18238,
     "median": 0.03996820625152213,
     "ci95": [
      0.03983862406320831,
      0.040129559969181466
     ],
     "p90": 0.5920790079347316
    },
    "after": {
     "n": 18238,
     "median": 0.0034357514971285557,
     "ci95": [
      0.0033177501434385743,
      0.0035692507914525016
     ],
     "p90": 0.022309963193191163
    },
    "met": true
   },
   "ecc_w48": {
    "before": {
     "n": 17575,
     "median": 0.03995150107433233,
     "ci95": [
      0.03982235251751477,
      0.04011483521237889
     ],
     "p90": 0.5818842916742458
    },
    "after": {
     "n": 17575,
     "median": 0.00324120480276118,
     "ci95": [
      0.003149938718703216,
      0.003349256501099891
     ],
     "p90": 0.017202868394888347
    },
    "met": true
   },
   "ecc_w64": {
    "before": {
     "n": 16945,
     "median": 0.03994858791865389,
     "ci95": [
      0.039819609554333786,
      0.040110261684536457
     ],
     "p90": 0.56945468524408
    },
    "after": {
     "n": 16945,
     "median": 0.003192832567412463,
     "ci95": [
      0.003104952231883287,
      0.003274748396368019
     ],
     "p90": 0.015055451139196312
    },
    "met": true
   },
   "phase_w32": {
    "before": {
     "n": 18238,
     "median": 0.03996820625152213,
     "ci95": [
      0.03983862406320831,
      0.040129559969181466
     ],
     "p90": 0.5920790079347316
    },
    "after": {
     "n": 18238,
     "median": 0.028268132016155117,
     "ci95": [
      0.027030438345989605,
      0.029407973601762664
     ],
     "p90": 0.2569977674966338
    },
    "met": false
   },
   "phase_w48": {
    "before": {
     "n": 17575,
     "median": 0.03995150107433233,
     "ci95": [
      0.03982235251751477,
      0.04011483521237889
     ],
     "p90": 0.5818842916742458
    },
    "after": {
     "n": 17575,
     "median": 0.02771075054312913,
     "ci95": [
      0.02680640139276083,
      0.028483115034170437
     ],
     "p90": 0.2511535724593617
    },
    "met": false
   },
   "phase_w64": {
    "before": {
     "n": 16945,
     "median": 0.03994858791865389,
     "ci95": [
      0.039819609554333786,
      0.040110261684536457
     ],
     "p90": 0.56945468524408
    },
    "after": {
     "n": 16945,
     "median": 0.027323291220389498,
     "ci95": [
      0.026579861100487115,
      0.028263419097099764
     ],
     "p90": 0.24887698944634312
    },
    "met": false
   }
  }
 },
 "best_on_d1": "ecc_w64",
 "S2_bias_grows_with_delta_azimuth": {
  "met": true,
  "detail": {
   "A_mare_moderate": {
    "by_delta_azimuth": {
     "0.0": {
      "n": 77,
      "median": 0.03865833961188228,
      "ci95": [
       0.033322488387563694,
       0.039918710186586576
      ],
      "p90": 0.1018653601290922,
      "n_pairs_passing_b1": 6
     },
     "5.0"
written: experiments\EXP-010\exp010_results.json  (10.1 min)
EXIT 0
