  D1 A identity-gate rows=6
  D1 A t0.0_0.0     rows=12
  D1 A t0.25_0.0    rows=18
  D1 A t0.0_0.25    rows=24
  D1 A t0.25_0.25   rows=30
  D1 A t0.5_0.5     rows=36
  D1 A t0.75_0.75   rows=42
  D1 A t0.5_0.25    rows=48
  D1 A t0.25_0.75   rows=54
  D1 A s0.9_r3.0    rows=60
  D1 A s0.9_r-3.0   rows=66
  D1 A s1.1_r3.0    rows=72
  D1 A s1.1_r-3.0   rows=78
  D1 B identity-gate rows=84
  D1 B t0.0_0.0     rows=90
  D1 B t0.25_0.0    rows=96
  D1 B t0.0_0.25    rows=102
  D1 B t0.25_0.25   rows=108
  D1 B t0.5_0.5     rows=114
  D1 B t0.75_0.75   rows=120
  D1 B t0.5_0.25    rows=126
  D1 B t0.25_0.75   rows=132
  D1 B s0.9_r3.0    rows=138
  D1 B s0.9_r-3.0   rows=144
  D1 B s1.1_r3.0    rows=150
  D1 B s1.1_r-3.0   rows=156
  D1 C identity-gate rows=162
  D1 C t0.0_0.0     rows=168
  D1 C t0.25_0.0    rows=174
  D1 C t0.0_0.25    rows=180
  D1 C t0.25_0.25   rows=186
  D1 C t0.5_0.5     rows=192
  D1 C t0.75_0.75   rows=198
  D1 C t0.5_0.25    rows=204
  D1 C t0.25_0.75   rows=210
  D1 C s0.9_r3.0    rows=216
  D1 C s0.9_r-3.0   rows=222
  D1 C s1.1_r3.0    rows=228
  D1 C s1.1_r-3.0   rows=234
  D1 D identity-gate rows=240
  D1 D t0.0_0.0     rows=246
  D1 D t0.25_0.0    rows=252
  D1 D t0.0_0.25    rows=258
  D1 D t0.25_0.25   rows=264
  D1 D t0.5_0.5     rows=270
  D1 D t0.75_0.75   rows=276
  D1 D t0.5_0.25    rows=282
  D1 D t0.25_0.75   rows=288
  D1 D s0.9_r3.0    rows=294
  D1 D s0.9_r-3.0   rows=300
  D1 D s1.1_r3.0    rows=306
  D1 D s1.1_r-3.0   rows=312
  D2 A_mare_moderate seed 3001 done
  D2 A_mare_moderate seed 3002 done
  D2 A_mare_moderate seed 3003 done
  D2 A_highlands_moderate seed 3001 done
  D2 A_highlands_moderate seed 3002 done
  D2 A_highlands_moderate seed 3003 done
{
 "gate_identity_unbiased": {
  "met": true,
  "max_median_abs_shift_px": 7.105427357601002e-15,
  "per_tile_method_window": {
   "A_ecc_w32": 0.0,
   "A_ecc_w48": 0.0,
   "A_ecc_w64": 0.0,
   "A_phase_w32": 3.552713678800501e-15,
   "A_phase_w48": 5.0242958677880805e-15,
   "A_phase_w64": 7.105427357601002e-15,
   "B_ecc_w32": 0.0,
   "B_ecc_w48": 0.0,
   "B_ecc_w64": 0.0,
   "B_phase_w32": 3.552713678800501e-15,
   "B_phase_w48": 5.0242958677880805e-15,
   "B_phase_w64": 0.0,
   "C_ecc_w32": 0.0,
   "C_ecc_w48": 0.0,
   "C_ecc_w64": 0.0,
   "C_phase_w32": 3.552713678800501e-15,
   "C_phase_w48": 5.0242958677880805e-15,
   "C_phase_w64": 0.0,
   "D_ecc_w32": 0.0,
   "D_ecc_w48": 0.0,
   "D_ecc_w64": 0.0,
   "D_phase_w32": 3.552713678800501e-15,
   "D_phase_w48": 5.0242958677880805e-15,
   "D_phase_w64": 7.105427357601002e-15
  }
 },
 "S1_precision_on_real_self_warps": {
  "met": true,
  "detail": {
   "ecc_w32": {
    "before": {
     "n": 18198,
     "median": 0.03995439445352701,
     "ci95": [
      0.039826311759940496,
      0.04010557227329939
     ],
     "p90": 0.6051971875233625
    },
    "after": {
     "n": 18198,
     "median": 0.003449430240046692,
     "ci95": [
      0.0033402133089955014,
      0.0035881316135129744
     ],
     "p90": 0.02204942958754118
    },
    "met": true
   },
   "ecc_w48": {
    "before": {
     "n": 17588,
     "median": 0.03996917111456183,
     "ci95": [
      0.03983685237124327,
      0.04012440453477324
     ],
     "p90": 0.5984023560026412
    },
    "after": {
     "n": 17588,
     "median": 0.0032471797849648537,
     "ci95": [
      0.00315726908742956,
      0.0033494620190249137
     ],
     "p90": 0.016700791878812613
    },
    "met": true
   },
   "ecc_w64": {
    "before": {
     "n": 16896,
     "median": 0.039978017298996193,
     "ci95": [
      0.03984420742030475,
      0.04013929555901007
     ],
     "p90": 0.5864162789189257
    },
    "after": {
     "n": 16896,
     "median": 0.003222046278846741,
     "ci95": [
      0.003126921779046239,
      0.0032947544121997422
     ],
     "p90": 0.015128362506333811
    },
    "met": true
   },
   "phase_w32": {
    "before": {
     "n": 18198,
     "median": 0.03995439445352701,
     "ci95": [
      0.039826311759940496,
      0.04010557227329939
     ],
     "p90": 0.6051971875233625
    },
    "after": {
     "n": 18198,
     "median": 0.028261967250366844,
     "ci95": [
      0.02716536875745234,
      0.029316146692018603
     ],
     "p90": 0.25791408021231227
    },
    "met": false
   },
   "phase_w48": {
    "before": {
     "n": 17588,
     "median": 0.03996917111456183,
     "ci95": [
      0.03983685237124327,
      0.04012440453477324
     ],
     "p90": 0.5984023560026412
    },
    "after": {
     "n": 17588,
     "median": 0.02772185394851822,
     "ci95": [
      0.026791149267580527,
      0.028349455942494637
     ],
     "p90": 0.25536139702375615
    },
    "met": false
   },
   "phase_w64": {
    "before": {
    
written: experiments\EXP-010\exp010_results_v2.json  (14.1 min)
EXIT 0
