  [RD03] m1271742202l->m1182331886lc dInc=13.79 b1  NU  inl= 1656 SUCCESS  (28s)
Loaded LightGlue model
D:\softwares\Lib\site-packages\kornia\feature\integrated.py:550: UserWarning: To copy construct from a tensor, it is recommended to use sourceTensor.detach().clone() or sourceTensor.detach().clone().requires_grad_(True), rather than torch.tensor(sourceTensor).
  hw1_ = torch.tensor(hw1, device=dev)
D:\softwares\Lib\site-packages\kornia\feature\integrated.py:554: UserWarning: To copy construct from a tensor, it is recommended to use sourceTensor.detach().clone() or sourceTensor.detach().clone().requires_grad_(True), rather than torch.tensor(sourceTensor).
  hw2_ = torch.tensor(hw2, device=dev)
  [RD03] m1271742202l->m1182331886lc dInc=13.79 lg  NU  inl= 1724 SUCCESS  (85s)
D:\MyData\downloads\SIH\scripts\run_exp007.py:117: RuntimeWarning: Mean of empty slice
  return np.nanmean(a.reshape(a.shape[0] // k, k, a.shape[1] // k, k), axis=(1, 3))
  [RD03] m1271742202l->m1212932972lc dInc=15.53 b1  NU  inl= 1406 SUCCESS  (23s)
  [RD03] m1271742202l->m1212932972lc dInc=15.53 lg  NU  inl= 2174 SUCCESS  (65s)
  [RD03] m1271742202l->m1452560468lc dInc=38.85 b1  raw  inl=    8 fail  (34s)
  [RD03] m1271742202l->m1452560468lc dInc=38.85 b1  NU  inl=    6 fail  (35s)
  [RD03] m1271742202l->m1452560468lc dInc=38.85 lg  NU  inl=    0 fail  (116s)
  [RD03] m1271742202l->m1335207975rc dInc=39.81 b1  raw  inl=    4 fail  (29s)
  [RD03] m1271742202l->m1335207975rc dInc=39.81 b1  NU  inl=    3 fail  (28s)
  [RD03] m1271742202l->m1335207975rc dInc=39.81 lg  NU  inl=    0 fail  (47s)
  [RD03] m1271742202l->m1142297886lc dInc=44.70 b1  NU  inl=    4 fail  (26s)
  [RD03] m1271742202l->m1142297886lc dInc=44.70 lg  NU  inl=    0 fail  (64s)
  [RD03] m1182331886l->m1212932972lc dInc= 1.74 b1  NU  inl= 5437 SUCCESS  (24s)
  [RD03] m1182331886l->m1212932972lc dInc= 1.74 lg  NU  inl= 2472 SUCCESS  (59s)
  [RD03] m1182331886l->m1199981485rc dInc=23.14 b1  NU  inl=    5 fail  (39s)
  [RD03] m1182331886l->m1199981485rc dInc=23.14 lg  NU  inl=    0 fail  (53s)
  [RD03] m1182331886l->m1335207975rc dInc=26.02 b1  NU  inl=   68 SUCCESS  (21s)
  [RD03] m1182331886l->m1335207975rc dInc=26.02 lg  NU  inl=  849 SUCCESS  (62s)
  [RD03] m1182331886l->m1096350825rc dInc=28.55 b1  NU  inl=    3 fail  (31s)
  [RD03] m1182331886l->m1096350825rc dInc=28.55 lg  NU  inl=    0 fail  (49s)
  [RD03] m1182331886l->m1142297886lc dInc=30.91 b1  NU  inl=    4 fail  (28s)
  [RD03] m1182331886l->m1142297886lc dInc=30.91 lg  NU  inl=    0 fail  (51s)
  [RD03] m1236465772r->m1175268993rc dInc= 4.03 b1  NU  inl= 8188 SUCCESS  (35s)
  [RD03] m1236465772r->m1175268993rc dInc= 4.03 lg  NU  inl= 2570 SUCCESS  (64s)
  [RD03] m1236465772r->m1199981485rc dInc=22.44 b1  NU  inl=    4 fail  (29s)
  [RD03] m1236465772r->m1199981485rc dInc=22.44 lg  NU  inl=    3 fail  (69s)
  [RD03] m1212932972l->m1363396554rc dInc= 6.92 b1  NU  inl= 3486 SUCCESS  (20s)
  [RD03] m1212932972l->m1363396554rc dInc= 6.92 lg  NU  inl= 1992 SUCCESS  (68s)
  [RD03] m1212932972l->m1199981485rc dInc=21.40 b1  NU  inl=    5 fail  (42s)
  [RD03] m1212932972l->m1199981485rc dInc=21.40 lg  NU  inl=    0 fail  (61s)
  [RD03] m1212932972l->m1452560468lc dInc=23.32 b1  NU  inl=  143 SUCCESS  (19s)
  [RD03] m1212932972l->m1452560468lc dInc=23.32 lg  NU  inl= 1144 SUCCESS  (69s)
  [RD03] m1212932972l->m1335207975rc dInc=24.28 b1  NU  inl=  144 SUCCESS  (20s)
  [RD03] m1212932972l->m1335207975rc dInc=24.28 lg  NU  inl= 1183 SUCCESS  (67s)
  [RD03] m1212932972l->m1096350825rc dInc=26.81 b1  NU  inl=    5 fail  (45s)
  [RD03] m1212932972l->m1096350825rc dInc=26.81 lg  NU  inl=    0 fail  (120s)
  [RD03] m1212932972l->m1142297886lc dInc=29.17 b1  NU  inl=    4 fail  (36s)
  [RD03] m1212932972l->m1142297886lc dInc=29.17 lg  NU  inl=    0 fail  (47s)
  [RD03] m1175268993r->m1199981485rc dInc=18.41 b1  NU  inl=    4 fail  (45s)
  [RD03] m1175268993r->m1199981485rc dInc=18.41 lg  NU  inl=    0 fail  (85s)
  [RD03] m1199981485r->m1142297886lc dInc= 7.77 b1  NU  inl=    4 fail  (32s)
  [RD03] m1199981485r->m1142297886lc dInc= 7.77 lg  NU  inl=    0 fail  (73s)
  [RD03] m1452560468l->m1335207975rc dInc= 0.96 b1  raw  inl= 5381 SUCCESS  (12s)
  [RD03] m1452560468l->m1335207975rc dInc= 0.96 b1  NU  inl= 5392 SUCCESS  (11s)
  [RD03] m1452560468l->m1335207975rc dInc= 0.96 lg  NU  inl= 2359 SUCCESS  (53s)
  [RD03] m1335207975r->m1142297886lc dInc= 4.89 b1  NU  inl=    4 fail  (19s)
  [RD03] m1335207975r->m1142297886lc dInc= 4.89 lg  NU  inl=    0 fail  (33s)
  [RD03] m1096350825r->m1142297886lc dInc= 2.36 b1  NU  inl=   19 SUCCESS  (13s)
  [RD03] m1096350825r->m1142297886lc dInc= 2.36 lg  NU  inl=    0 fail  (35s)
written: experiments\REAL-DATA-07\rows_rd03.json  (36.9 min)
EXIT 0
