  [RD04] m1299958135l->m1315225542lc dInc= 2.91 b1  NU  inl=   10 SUCCESS  (15s)
D:\softwares\Lib\site-packages\kornia\feature\integrated.py:550: UserWarning: To copy construct from a tensor, it is recommended to use sourceTensor.detach().clone() or sourceTensor.detach().clone().requires_grad_(True), rather than torch.tensor(sourceTensor).
  hw1_ = torch.tensor(hw1, device=dev)
D:\softwares\Lib\site-packages\kornia\feature\integrated.py:554: UserWarning: To copy construct from a tensor, it is recommended to use sourceTensor.detach().clone() or sourceTensor.detach().clone().requires_grad_(True), rather than torch.tensor(sourceTensor).
  hw2_ = torch.tensor(hw2, device=dev)
Loaded LightGlue model
  [RD04] m1299958135l->m1315225542lc dInc= 2.91 lg  NU  inl=    3 fail  (41s)
  [RD04] m1299958135l->m1271742202lc dInc=11.73 b1  raw  inl= 1656 SUCCESS  (11s)
  [RD04] m1299958135l->m1271742202lc dInc=11.73 b1  NU  inl= 1608 SUCCESS  (11s)
  [RD04] m1299958135l->m1271742202lc dInc=11.73 lg  NU  inl= 1971 SUCCESS  (33s)
D:\MyData\downloads\SIH\scripts\run_exp007.py:117: RuntimeWarning: Mean of empty slice
  return np.nanmean(a.reshape(a.shape[0] // k, k, a.shape[1] // k, k), axis=(1, 3))
  [RD04] m1299958135l->m1341069775rc dInc=24.21 b1  NU  inl=  265 SUCCESS  (11s)
  [RD04] m1299958135l->m1341069775rc dInc=24.21 lg  NU  inl= 1561 SUCCESS  (36s)
  [RD04] m1299958135l->m1212932972lc dInc=27.26 b1  NU  inl=  272 SUCCESS  (11s)
  [RD04] m1299958135l->m1212932972lc dInc=27.26 lg  NU  inl= 1631 SUCCESS  (37s)
  [RD04] m1299958135l->m1363396554rc dInc=34.18 b1  NU  inl=   28 SUCCESS  (10s)
  [RD04] m1299958135l->m1363396554rc dInc=34.18 lg  NU  inl=  676 SUCCESS  (36s)
  [RD04] m1299958135l->m1335207975rc dInc=51.54 b1  raw  inl=    3 fail  (14s)
  [RD04] m1299958135l->m1335207975rc dInc=51.54 b1  NU  inl=    4 fail  (14s)
  [RD04] m1299958135l->m1335207975rc dInc=51.54 lg  NU  inl=    0 fail  (31s)
  [RD04] m1299958135l->m1096350825rc dInc=54.07 b1  NU  inl=    4 fail  (15s)
  [RD04] m1299958135l->m1096350825rc dInc=54.07 lg  NU  inl=    0 fail  (31s)
  [RD04] m1315225542l->m1271742202lc dInc= 8.82 b1  NU  inl=    6 fail  (14s)
  [RD04] m1315225542l->m1271742202lc dInc= 8.82 lg  NU  inl=    5 fail  (40s)
  [RD04] m1315225542l->m1341069775rc dInc=21.30 b1  NU  inl=    6 fail  (12s)
  [RD04] m1315225542l->m1341069775rc dInc=21.30 lg  NU  inl=    0 fail  (31s)
  [RD04] m1315225542l->m1212932972lc dInc=24.35 b1  NU  inl=    5 fail  (14s)
  [RD04] m1315225542l->m1212932972lc dInc=24.35 lg  NU  inl=    0 fail  (33s)
  [RD04] m1315225542l->m1335207975rc dInc=48.63 b1  NU  inl=    3 fail  (14s)
  [RD04] m1315225542l->m1335207975rc dInc=48.63 lg  NU  inl=    0 fail  (31s)
  [RD04] m1271742202l->m1341069775rc dInc=12.48 b1  NU  inl=   47 SUCCESS  (10s)
  [RD04] m1271742202l->m1341069775rc dInc=12.48 lg  NU  inl= 1206 SUCCESS  (38s)
  [RD04] m1271742202l->m1212932972lc dInc=15.53 b1  NU  inl= 1679 SUCCESS  (10s)
  [RD04] m1271742202l->m1212932972lc dInc=15.53 lg  NU  inl= 2134 SUCCESS  (33s)
  [RD04] m1271742202l->m1335207975rc dInc=39.81 b1  raw  inl=    7 fail  (11s)
  [RD04] m1271742202l->m1335207975rc dInc=39.81 b1  NU  inl=    9 SUCCESS  (11s)
  [RD04] m1271742202l->m1335207975rc dInc=39.81 lg  NU  inl=    3 fail  (39s)
  [RD04] m1341069775r->m1212932972lc dInc= 3.05 b1  NU  inl=    8 fail  (14s)
  [RD04] m1341069775r->m1212932972lc dInc= 3.05 lg  NU  inl=    0 fail  (32s)
  [RD04] m1341069775r->m1335207975rc dInc=27.33 b1  NU  inl=    3 fail  (15s)
  [RD04] m1341069775r->m1335207975rc dInc=27.33 lg  NU  inl=    0 fail  (33s)
  [RD04] m1212932972l->m1363396554rc dInc= 6.92 b1  NU  inl= 2597 SUCCESS  (10s)
  [RD04] m1212932972l->m1363396554rc dInc= 6.92 lg  NU  inl= 1457 SUCCESS  (33s)
  [RD04] m1212932972l->m1335207975rc dInc=24.28 b1  NU  inl=  210 SUCCESS  (10s)
  [RD04] m1212932972l->m1335207975rc dInc=24.28 lg  NU  inl= 1197 SUCCESS  (35s)
  [RD04] m1212932972l->m1096350825rc dInc=26.81 b1  NU  inl=    4 fail  (15s)
  [RD04] m1212932972l->m1096350825rc dInc=26.81 lg  NU  inl=    0 fail  (32s)
written: experiments\REAL-DATA-07\rows_rd04.json  (15.5 min)
EXIT 0
