  [RD04] m1299958135l->m1315225542lc dInc= 2.91 b1  NU  inl= 2726 SUCCESS  (18s)
D:\softwares\Lib\site-packages\kornia\feature\integrated.py:550: UserWarning: To copy construct from a tensor, it is recommended to use sourceTensor.detach().clone() or sourceTensor.detach().clone().requires_grad_(True), rather than torch.tensor(sourceTensor).
  hw1_ = torch.tensor(hw1, device=dev)
D:\softwares\Lib\site-packages\kornia\feature\integrated.py:554: UserWarning: To copy construct from a tensor, it is recommended to use sourceTensor.detach().clone() or sourceTensor.detach().clone().requires_grad_(True), rather than torch.tensor(sourceTensor).
  hw2_ = torch.tensor(hw2, device=dev)
Loaded LightGlue model
  [RD04] m1299958135l->m1315225542lc dInc= 2.91 lg  NU  inl= 1754 SUCCESS  (52s)
  [RD04] m1299958135l->m1315225542lc dInc= 2.91 xf  NU  inl=  593 SUCCESS  (13s)
  [RD04] m1299958135l->m1271742202lc dInc=11.73 b1  raw  inl= 1656 SUCCESS  (15s)
  [RD04] m1299958135l->m1271742202lc dInc=11.73 b1  NU  inl= 1608 SUCCESS  (14s)
  [RD04] m1299958135l->m1271742202lc dInc=11.73 lg  NU  inl= 1971 SUCCESS  (44s)
  [RD04] m1299958135l->m1271742202lc dInc=11.73 xf  NU  inl=  814 SUCCESS  (13s)
D:\MyData\downloads\SIH\scripts\run_exp007.py:117: RuntimeWarning: Mean of empty slice
  return np.nanmean(a.reshape(a.shape[0] // k, k, a.shape[1] // k, k), axis=(1, 3))
  [RD04] m1299958135l->m1341069775rc dInc=24.21 b1  NU  inl=  265 SUCCESS  (15s)
  [RD04] m1299958135l->m1341069775rc dInc=24.21 lg  NU  inl= 1561 SUCCESS  (48s)
  [RD04] m1299958135l->m1341069775rc dInc=24.21 xf  NU  inl=  315 SUCCESS  (13s)
  [RD04] m1299958135l->m1212932972lc dInc=27.26 b1  NU  inl=  272 SUCCESS  (15s)
  [RD04] m1299958135l->m1212932972lc dInc=27.26 lg  NU  inl= 1631 SUCCESS  (52s)
  [RD04] m1299958135l->m1212932972lc dInc=27.26 xf  NU  inl=  306 SUCCESS  (16s)
  [RD04] m1299958135l->m1363396554rc dInc=34.18 b1  NU  inl=   28 SUCCESS  (18s)
  [RD04] m1299958135l->m1363396554rc dInc=34.18 lg  NU  inl=  676 SUCCESS  (56s)
  [RD04] m1299958135l->m1363396554rc dInc=34.18 xf  NU  inl=  114 SUCCESS  (18s)
  [RD04] m1299958135l->m1335207975rc dInc=51.54 b1  raw  inl=    3 fail  (19s)
  [RD04] m1299958135l->m1335207975rc dInc=51.54 b1  NU  inl=    4 fail  (20s)
  [RD04] m1299958135l->m1335207975rc dInc=51.54 lg  NU  inl=    0 fail  (45s)
  [RD04] m1299958135l->m1335207975rc dInc=51.54 xf  NU  inl=    5 fail  (20s)
  [RD04] m1299958135l->m1096350825rc dInc=54.07 b1  NU  inl=    4 fail  (20s)
  [RD04] m1299958135l->m1096350825rc dInc=54.07 lg  NU  inl=    0 fail  (61s)
  [RD04] m1299958135l->m1096350825rc dInc=54.07 xf  NU  inl=    5 fail  (22s)
  [RD04] m1315225542l->m1271742202lc dInc= 8.82 b1  NU  inl= 2138 SUCCESS  (16s)
  [RD04] m1315225542l->m1271742202lc dInc= 8.82 lg  NU  inl= 2193 SUCCESS  (56s)
  [RD04] m1315225542l->m1271742202lc dInc= 8.82 xf  NU  inl=  992 SUCCESS  (13s)
  [RD04] m1315225542l->m1341069775rc dInc=21.30 b1  NU  inl=  108 SUCCESS  (14s)
  [RD04] m1315225542l->m1341069775rc dInc=21.30 lg  NU  inl= 1493 SUCCESS  (61s)
  [RD04] m1315225542l->m1341069775rc dInc=21.30 xf  NU  inl=  245 SUCCESS  (14s)
  [RD04] m1315225542l->m1212932972lc dInc=24.35 b1  NU  inl=  284 SUCCESS  (14s)
  [RD04] m1315225542l->m1212932972lc dInc=24.35 lg  NU  inl= 1475 SUCCESS  (56s)
  [RD04] m1315225542l->m1212932972lc dInc=24.35 xf  NU  inl=  308 SUCCESS  (14s)
  [RD04] m1315225542l->m1335207975rc dInc=48.63 b1  NU  inl=    4 fail  (17s)
  [RD04] m1315225542l->m1335207975rc dInc=48.63 lg  NU  inl=    0 fail  (49s)
  [RD04] m1315225542l->m1335207975rc dInc=48.63 xf  NU  inl=    5 fail  (20s)
  [RD04] m1271742202l->m1341069775rc dInc=12.48 b1  NU  inl=   47 SUCCESS  (14s)
  [RD04] m1271742202l->m1341069775rc dInc=12.48 lg  NU  inl= 1206 SUCCESS  (60s)
  [RD04] m1271742202l->m1341069775rc dInc=12.48 xf  NU  inl=  138 SUCCESS  (17s)
  [RD04] m1271742202l->m1212932972lc dInc=15.53 b1  NU  inl= 1679 SUCCESS  (14s)
  [RD04] m1271742202l->m1212932972lc dInc=15.53 lg  NU  inl= 2134 SUCCESS  (53s)
  [RD04] m1271742202l->m1212932972lc dInc=15.53 xf  NU  inl=  898 SUCCESS  (13s)
  [RD04] m1271742202l->m1335207975rc dInc=39.81 b1  raw  inl=    7 fail  (15s)
  [RD04] m1271742202l->m1335207975rc dInc=39.81 b1  NU  inl=    9 SUCCESS  (15s)
  [RD04] m1271742202l->m1335207975rc dInc=39.81 lg  NU  inl=    3 fail  (54s)
  [RD04] m1271742202l->m1335207975rc dInc=39.81 xf  NU  inl=    8 fail  (20s)
  [RD04] m1341069775r->m1212932972lc dInc= 3.05 b1  NU  inl=    8 fail  (19s)
  [RD04] m1341069775r->m1212932972lc dInc= 3.05 lg  NU  inl=    0 fail  (41s)
  [RD04] m1341069775r->m1212932972lc dInc= 3.05 xf  NU  inl=   19 SUCCESS  (20s)
  [RD04] m1341069775r->m1335207975rc dInc=27.33 b1  NU  inl=    3 fail  (21s)
  [RD04] m1341069775r->m1335207975rc dInc=27.33 lg  NU  inl=    0 fail  (43s)
  [RD04] m1341069775r->m1335207975rc dInc=27.33 xf  NU  inl=    7 fail  (20s)
  [RD04] m1212932972l->m1363396554rc dInc= 6.92 b1  NU  inl= 2597 SUCCESS  (13s)
  [RD04] m1212932972l->m1363396554rc dInc= 6.92 lg  NU  inl= 1457 SUCCESS  (45s)
  [RD04] m1212932972l->m1363396554rc dInc= 6.92 xf  NU  inl=  837 SUCCESS  (16s)
  [RD04] m1212932972l->m1335207975rc dInc=24.28 b1  NU  inl=  210 SUCCESS  (18s)
  [RD04] m1212932972l->m1335207975rc dInc=24.28 lg  NU  inl= 1197 SUCCESS  (51s)
  [RD04] m1212932972l->m1335207975rc dInc=24.28 xf  NU  inl=  231 SUCCESS  (14s)
  [RD04] m1212932972l->m1096350825rc dInc=26.81 b1  NU  inl=    4 fail  (23s)
  [RD04] m1212932972l->m1096350825rc dInc=26.81 lg  NU  inl=    0 fail  (48s)
  [RD04] m1212932972l->m1096350825rc dInc=26.81 xf  NU  inl=    7 fail  (20s)
written: experiments\REAL-DATA-07\rows_rd04_nue.json  (27.7 min)
EXIT 0
